TIMESTAMP INF Starting devback application
TIMESTAMP INF Testing enhanced lock system
TIMESTAMP INF Lock adapter available
TIMESTAMP INF Testing enhanced lock system...
TIMESTAMP INF Test 1: Acquiring lock...
TIMESTAMP INF Lock acquired successfully
TIMESTAMP INF Test 2: Checking lock status...
TIMESTAMP INF Lock is active pid=HHMMSS hostname=test-host
TIMESTAMP INF Test 3: Trying to acquire same lock again...
TIMESTAMP INF Correctly failed to acquire lock error="lock is held by another active process"
TIMESTAMP INF Test 4: Refreshing lock...
TIMESTAMP INF Lock refreshed successfully
TIMESTAMP INF Test 5: Releasing lock...
TIMESTAMP INF Lock released successfully
TIMESTAMP INF Test 6: Checking lock after release...
TIMESTAMP INF Lock is correctly released
TIMESTAMP INF Test 7: Acquiring lock after release...
TIMESTAMP INF Lock acquired successfully after release
TIMESTAMP INF All lock tests completed successfully
TIMESTAMP INF Enhanced lock system operational
