Testing enhanced lock system...
Test 1: Acquiring lock...
✓ Lock acquired successfully
Test 2: Checking lock status...
✓ Lock is active (PID: XXXXX, Hostname: test-host)
Test 3: Trying to acquire same lock again...
✓ Correctly failed to acquire lock: lock is held by another active process
Test 4: Refreshing lock...
✓ Lock refreshed successfully
Test 5: Releasing lock...
✓ Lock released successfully
Test 6: Checking lock after release...
✓ Lock is correctly released
Test 7: Acquiring lock after release...
✓ Lock acquired successfully after release
All lock tests completed successfully!
Enhanced lock system operational
