backup/
backup/test-repo--HASH/
backup/test-repo--HASH/YYYY-MM-DD/
backup/test-repo--HASH/YYYY-MM-DD/HHMMSS-NANO/
backup/test-repo--HASH/YYYY-MM-DD/HHMMSS-NANO/.done
backup/test-repo--HASH/YYYY-MM-DD/HHMMSS-NANO/.git/
backup/test-repo--HASH/YYYY-MM-DD/HHMMSS-NANO/.git/COMMIT_EDITMSG
backup/test-repo--HASH/YYYY-MM-DD/HHMMSS-NANO/.git/HEAD
backup/test-repo--HASH/YYYY-MM-DD/HHMMSS-NANO/.git/branches/
backup/test-repo--HASH/YYYY-MM-DD/HHMMSS-NANO/.git/config
backup/test-repo--HASH/YYYY-MM-DD/HHMMSS-NANO/.git/description
backup/test-repo--HASH/YYYY-MM-DD/HHMMSS-NANO/.git/hooks/
backup/test-repo--HASH/YYYY-MM-DD/HHMMSS-NANO/.git/hooks/applypatch-msg.sample
backup/test-repo--HASH/YYYY-MM-DD/HHMMSS-NANO/.git/hooks/commit-msg.sample
backup/test-repo--HASH/YYYY-MM-DD/HHMMSS-NANO/.git/hooks/fsmonitor-watchman.sample
backup/test-repo--HASH/YYYY-MM-DD/HHMMSS-NANO/.git/hooks/post-update.sample
backup/test-repo--HASH/YYYY-MM-DD/HHMMSS-NANO/.git/hooks/pre-applypatch.sample
backup/test-repo--HASH/YYYY-MM-DD/HHMMSS-NANO/.git/hooks/pre-commit.sample
backup/test-repo--HASH/YYYY-MM-DD/HHMMSS-NANO/.git/hooks/pre-merge-commit.sample
backup/test-repo--HASH/YYYY-MM-DD/HHMMSS-NANO/.git/hooks/pre-push.sample
backup/test-repo--HASH/YYYY-MM-DD/HHMMSS-NANO/.git/hooks/pre-rebase.sample
backup/test-repo--HASH/YYYY-MM-DD/HHMMSS-NANO/.git/hooks/pre-receive.sample
backup/test-repo--HASH/YYYY-MM-DD/HHMMSS-NANO/.git/hooks/prepare-commit-msg.sample
backup/test-repo--HASH/YYYY-MM-DD/HHMMSS-NANO/.git/hooks/push-to-checkout.sample
backup/test-repo--HASH/YYYY-MM-DD/HHMMSS-NANO/.git/hooks/sendemail-validate.sample
backup/test-repo--HASH/YYYY-MM-DD/HHMMSS-NANO/.git/hooks/update.sample
backup/test-repo--HASH/YYYY-MM-DD/HHMMSS-NANO/.git/index
backup/test-repo--HASH/YYYY-MM-DD/HHMMSS-NANO/.git/info/
backup/test-repo--HASH/YYYY-MM-DD/HHMMSS-NANO/.git/info/exclude
backup/test-repo--HASH/YYYY-MM-DD/HHMMSS-NANO/.git/logs/
backup/test-repo--HASH/YYYY-MM-DD/HHMMSS-NANO/.git/logs/HEAD
backup/test-repo--HASH/YYYY-MM-DD/HHMMSS-NANO/.git/logs/refs/
backup/test-repo--HASH/YYYY-MM-DD/HHMMSS-NANO/.git/logs/refs/heads/
backup/test-repo--HASH/YYYY-MM-DD/HHMMSS-NANO/.git/logs/refs/heads/master
backup/test-repo--HASH/YYYY-MM-DD/HHMMSS-NANO/.git/objects/
backup/test-repo--HASH/YYYY-MM-DD/HHMMSS-NANO/.git/objects/08/
backup/test-repo--HASH/YYYY-MM-DD/HHMMSS-NANO/.git/objects/08/cf6101416f0ce0dda3c80e627f333854c4085c
backup/test-repo--HASH/YYYY-MM-DD/HHMMSS-NANO/.git/objects/0c/
backup/test-repo--HASH/YYYY-MM-DD/HHMMSS-NANO/.git/objects/0c/2ae141bad432c13ad9645db733374a6e602766
backup/test-repo--HASH/YYYY-MM-DD/HHMMSS-NANO/.git/objects/bc/
backup/test-repo--HASH/YYYY-MM-DD/HHMMSS-NANO/.git/objects/bc/39f94be437f4911a4588e5b3432022f2108cbb
backup/test-repo--HASH/YYYY-MM-DD/HHMMSS-NANO/.git/objects/f8/
backup/test-repo--HASH/YYYY-MM-DD/HHMMSS-NANO/.git/objects/f8/9d64dab6bbf0db7bfd8b939dfe59b2e7977894
backup/test-repo--HASH/YYYY-MM-DD/HHMMSS-NANO/.git/objects/info/
backup/test-repo--HASH/YYYY-MM-DD/HHMMSS-NANO/.git/objects/pack/
backup/test-repo--HASH/YYYY-MM-DD/HHMMSS-NANO/.git/refs/
backup/test-repo--HASH/YYYY-MM-DD/HHMMSS-NANO/.git/refs/heads/
backup/test-repo--HASH/YYYY-MM-DD/HHMMSS-NANO/.git/refs/heads/master
backup/test-repo--HASH/YYYY-MM-DD/HHMMSS-NANO/.git/refs/tags/
backup/test-repo--HASH/YYYY-MM-DD/HHMMSS-NANO/ignored.txt
