TIMESTAMP INF Starting devback application
TIMESTAMP INF Starting backup operation backup_dir=$TMPDIR/001/backup dry_run=true
TIMESTAMP INF → Repo override: backup.keepCount = 8
TIMESTAMP INF → Configuration:
TIMESTAMP INF    Backup directory: $TMPDIR/001/backup
TIMESTAMP INF    Keep count: 8
TIMESTAMP INF    Keep days: 7
TIMESTAMP INF    Max total GB per repo: 1
TIMESTAMP INF    Size margin MB: 0
TIMESTAMP INF    No size check: true
TIMESTAMP INF    Link dedup: true
TIMESTAMP INF    Snapshot time format: HHMMSS-NNNNNNNNN
TIMESTAMP INF    Repo key style: name+hash
TIMESTAMP INF
TIMESTAMP INF → Repo key (name+hash): test-repo--HASH
TIMESTAMP INF Dry run: backup skipped; would create:$TMPDIR/001/backup/test-repo--HASH/YYYY-MM-DD/HHMMSS-NANO
TIMESTAMP INF Dry run: would copy .git to:$TMPDIR/001/backup/test-repo--HASH/YYYY-MM-DD/HHMMSS-NANO/.git
TIMESTAMP INF → No .devbackignore in repo
TIMESTAMP INF → Raw ignored/untracked from git: 1
TIMESTAMP INF       1  ignored.txt
TIMESTAMP INF    KEEP: ignored.txt
TIMESTAMP INF Dry run: would copy ignored/untracked: 1 item(s)
